Arguments: 
  C:\Program Files\nodejs\node.exe C:\Users\Hamza\AppData\Roaming\npm\node_modules\yarn\bin\yarn.js

PATH: 
  C:\Windows\system32;C:\Windows;C:\Windows\System32\Wbem;C:\Windows\System32\WindowsPowerShell\v1.0\;C:\Windows\System32\OpenSSH\;C:\ProgramData\chocolatey\bin;C:\Program Files\nodejs\;C:\Program Files\OpenJDK\openjdk-11.0.14.1_1\bin;C:\Program Files (x86)\Microsoft SQL Server\150\DTS\Binn\;C:\Program Files\Azure Data Studio\bin;C:\Windows\system32\config\systemprofile\.dnx\bin;C:\Program Files\Microsoft DNX\Dnvm\;C:\Program Files\Microsoft SQL Server\120\Tools\Binn\;C:\Program Files\Microsoft SQL Server\Client SDK\ODBC\170\Tools\Binn\;C:\Program Files (x86)\Microsoft SQL Server\150\Tools\Binn\;C:\Program Files\Microsoft SQL Server\150\Tools\Binn\;C:\Program Files\Microsoft SQL Server\150\DTS\Binn\;C:\xampp\php;C:\Program Files\Git\cmd;C:\ProgramData\ComposerSetup\bin;C:\Users\Hamza\AppData\Local\Android\Sdk\tools;C:\Users\Hamza\AppData\Local\Microsoft\WindowsApps;C:\Users\Hamza\AppData\Roaming\npm;C:\Program Files\Azure Data Studio\bin;C:\Users\Hamza\AppData\Local\Programs\Microsoft VS Code\bin;C:\Users\Hamza\AppData\Local\Android\Sdk\platform-tools;C:\xampp\php;C:\Users\Hamza\AppData\Local\GitHubDesktop\bin;C:\Users\Hamza\AppData\Roaming\Composer\vendor\bin

Yarn version: 
  1.22.19

Node version: 
  16.14.2

Platform: 
  win32 x64

Trace: 
  Error: ENOSPC: no space left on device, copyfile 'C:\Users\Hamza\AppData\Local\Yarn\Cache\v6\npm-@firebase-auth-1.6.2-d8a9a622b8d4e8eb8c42ea544fcf647d0494651c-integrity\node_modules\@firebase\auth\dist\esm5\index-3bd54529.js.map' -> 'C:\Users\Hamza\Desktop\asad\dharti_new\node_modules\@firebase\auth\dist\esm5\index-3bd54529.js.map'

npm manifest: 
  {
    "name": "Dharti",
    "version": "1.0.0",
    "scripts": {
      "start": "expo start --dev-client",
      "android": "expo run:android",
      "ios": "expo run:ios",
      "web": "expo start --web"
    },
    "dependencies": {
      "@expo/vector-icons": "^13.0.0",
      "@hookform/resolvers": "^3.2.0",
      "@itzsunny/firebase-login": "^0.0.8",
      "@react-native-async-storage/async-storage": "1.18.2",
      "@react-navigation/bottom-tabs": "^6.5.8",
      "@react-navigation/drawer": "^6.6.3",
      "@react-navigation/native": "^6.1.7",
      "@react-navigation/native-stack": "^6.6.2",
      "@react-navigation/stack": "^6.3.17",
      "@reduxjs/toolkit": "^1.8.1",
      "apisauce": "^3.0.1",
      "axios": "^1.5.0",
      "date-fns": "^2.30.0",
      "expo": "~49.0.13",
      "expo-build-properties": "~0.8.3",
      "expo-dev-client": "~2.4.12",
      "expo-image-picker": "~14.3.2",
      "expo-linking": "~5.0.2",
      "expo-location": "~16.1.0",
      "expo-network": "~5.6.0",
      "expo-permissions": "~14.2.1",
      "expo-secure-store": "^12.8.1",
      "expo-splash-screen": "~0.20.5",
      "expo-status-bar": "~1.6.0",
      "firebase": "^10.7.1",
      "formik": "^2.4.5",
      "html-entities": "^2.5.0",
      "i18n-js": "^4.3.2",
      "i18next": "^23.6.0",
      "i18next-xhr-backend": "^3.2.2",
      "install": "^0.13.0",
      "lodash": "^4.17.21",
      "mime": "^4.0.1",
      "moment": "^2.30.1",
      "radio-buttons-react-native": "^1.0.4",
      "react": "18.2.0",
      "react-hook-form": "^7.45.4",
      "react-i18next": "^13.3.1",
      "react-native": "0.72.6",
      "react-native-check-box": "^2.1.7",
      "react-native-countdown-circle-timer": "^3.2.1",
      "react-native-dialog": "^9.3.0",
      "react-native-dotenv": "^3.3.1",
      "react-native-draggable-flatlist": "^4.0.1",
      "react-native-flash-message": "^0.2.1",
      "react-native-geocoding": "^0.5.0",
      "react-native-gesture-handler": "~2.12.0",
      "react-native-gifted-chat": "^2.4.0",
      "react-native-google-mobile-ads": "^13.0.2",
      "react-native-google-places-autocomplete": "^2.5.1",
      "react-native-keyboard-aware-scroll-view": "^0.9.5",
      "react-native-maps": "1.7.1",
      "react-native-material-menu": "^2.0.0",
      "react-native-modal": "^13.0.1",
      "react-native-paper": "^5.12.3",
      "react-native-phone-number-input": "^2.1.0",
      "react-native-progress": "^5.0.1",
      "react-native-raw-bottom-sheet": "^2.2.0",
      
      "react-native-safe-area-context": "4.6.3",
      "react-native-screens": "~3.22.0",
      "react-native-select-dropdown": "^3.4.0",
      "react-native-svg": "13.9.0",
      "react-native-swiper": "^1.6.0",
      "react-native-webview": "13.2.2",
      "react-redux": "^8.0.1",
      "redux": "^4.2.0",
      "yup": "^1.2.0"
    },
    "devDependencies": {
      "@babel/core": "^7.20.0"
    },
    "private": true
  }

yarn manifest: 
  No manifest

Lockfile: 
  No lockfile
